

 NAS Parallel Benchmarks (NPB3.4-MZ MPI+OpenMP) - SP-MZ Benchmark

 Reading from input file inputsp-mz.data
 Number of zones:  32 x  32
 Total mesh size:  1632 x  1216 x  34
 Iterations:      ***    dt:   0.000300
 Number of active processes:    896

 Use the default load factors
 Total number of threads:    896  (  1.0 threads/process)

 Calculated speedup =    512.00

 Time step    1
 Time step   20
 Time step   40
 Time step   60
 Time step   80
 Time step  100
 Time step  120
 Time step  140
 Time step  160
 Time step  180
 Time step  200
 Time step  220
 Time step  240
 Time step  260
 Time step  280
 Time step  300
 Time step  320
 Time step  340
 Time step  360
 Time step  380
 Time step  400
 Time step  420
 Time step  440
 Time step  460
 Time step  480
 Time step  500
 Time step  520
 Time step  540
 Time step  560
 Time step  580
 Time step  600
 Time step  620
 Time step  640
 Time step  660
 Time step  680
 Time step  700
 Time step  720
 Time step  740
 Time step  760
 Time step  780
 Time step  800
 Time step  820
 Time step  840
 Time step  860
 Time step  880
 Time step  900
 Time step  920
 Time step  940
 Time step  960
 Time step  980
 Time step 1000
 Time step 1020
 Time step 1040
 Time step 1060
 Time step 1080
 Time step 1100
 Time step 1120
 Time step 1140
 Time step 1160
 Time step 1180
 Time step 1200
 Time step 1220
 Time step 1240
 Time step 1260
 Time step 1280
 Time step 1300
 Time step 1320
 Time step 1340
 Time step 1360
 Time step 1380
 Time step 1400
 Time step 1420
 Time step 1440
 Time step 1460
 Time step 1480
 Time step 1500
 Time step 1520
 Time step 1540
 Time step 1560
 Time step 1580
 Time step 1600
 Time step 1620
 Time step 1640
 Time step 1660
 Time step 1680
 Time step 1700
 Time step 1720
 Time step 1740
 Time step 1760
 Time step 1780
 Time step 1800
 Time step 1820
 Time step 1840
 Time step 1860
 Time step 1880
 Time step 1900
 Time step 1920
 Time step 1940
 Time step 1960
 Time step 1980
 Time step 2000
 Time step 2020
 Time step 2040
 Time step 2060
 Time step 2080
 Time step 2100
 Time step 2120
 Time step 2140
 Time step 2160
 Time step 2180
 Time step 2200
 Time step 2220
 Time step 2240
 Time step 2260
 Time step 2280
 Time step 2300
 Time step 2320
 Time step 2340
 Time step 2360
 Time step 2380
 Time step 2400
 Time step 2420
 Time step 2440
 Time step 2460
 Time step 2480
 Time step 2500
 Time step 2520
 Time step 2540
 Time step 2560
 Time step 2580
 Time step 2600
 Time step 2620
 Time step 2640
 Time step 2660
 Time step 2680
 Time step 2700
 Time step 2720
 Time step 2740
 Time step 2760
 Time step 2780
 Time step 2800
 Time step 2820
 Time step 2840
 Time step 2860
 Time step 2880
 Time step 2900
 Time step 2920
 Time step 2940
 Time step 2960
 Time step 2980
 Time step 3000
 Verification being performed for class D
 accuracy setting for epsilon =  0.1000000000000E-07
 NITER does not match the reference value of   500
 Comparison of RMS-norms of residual
 FAILURE:  1 0.5603356329914E+03 0.7650595424723E+06 0.9992675921260E+00
 FAILURE:  2 0.5951260140360E+02 0.5111519817683E+05 0.9988357161172E+00
 FAILURE:  3 0.1484038813099E+03 0.1857213937602E+06 0.9992009327611E+00
 FAILURE:  4 0.7476803785304E+02 0.1624096784059E+06 0.9995396331143E+00
 FAILURE:  5 0.1025113355255E+04 0.1642416844328E+07 0.9993758506808E+00
 Comparison of RMS-norms of solution error
 FAILURE:  1 0.1967443974719E+04 0.8169589578340E+05 0.9759174686090E+00
 FAILURE:  2 0.7805699776957E+03 0.5252150843148E+04 0.8513808911802E+00
 FAILURE:  3 0.9173781420389E+03 0.1984739188642E+05 0.9537784033646E+00
 FAILURE:  4 0.8221077067418E+03 0.1662852404547E+05 0.9505603922216E+00
 FAILURE:  5 0.1477393810151E+04 0.1761381855235E+06 0.9916123025467E+00
 Verification failed


 SP-MZ Benchmark Completed.
 Class           =                        D
 Size            =           1632x 1216x 34
 Iterations      =                     3000
 Time in seconds =                   141.26
 Total processes =                      896
 Total threads   =                      896
 Mop/s total     =               1103967.29
 Mop/s/thread    =                  1232.11
 Operation type  =           floating point
 Verification    =             UNSUCCESSFUL
 Version         =                    3.4.3
 Compile date    =              03 Mar 2025

 Compile options:
    FC           = mpif90
    FLINK        = $(FC)
    F_LIB        = (none)
    F_INC        = (none)
    FFLAGS       = -O3 -fopenmp
    FLINKFLAGS   = $(FFLAGS)
    RAND         = (none)


 Please send all errors/feedbacks to:

 NPB Development Team
 npb@nas.nasa.gov




 NAS Parallel Benchmarks (NPB3.4-MZ MPI+OpenMP) - SP-MZ Benchmark

 Reading from input file inputsp-mz.data
 Number of zones:  32 x  32
 Total mesh size:  1632 x  1216 x  34
 Iterations:      ***    dt:   0.000300
 Number of active processes:    448

 Use the default load factors
 Total number of threads:    896  (  2.0 threads/process)

 Calculated speedup =    682.67

 Time step    1
 Time step   20
 Time step   40
 Time step   60
 Time step   80
 Time step  100
 Time step  120
 Time step  140
 Time step  160
 Time step  180
 Time step  200
 Time step  220
 Time step  240
 Time step  260
 Time step  280
 Time step  300
 Time step  320
 Time step  340
 Time step  360
 Time step  380
 Time step  400
 Time step  420
 Time step  440
 Time step  460
 Time step  480
 Time step  500
 Time step  520
 Time step  540
 Time step  560
 Time step  580
 Time step  600
 Time step  620
 Time step  640
 Time step  660
 Time step  680
 Time step  700
 Time step  720
 Time step  740
 Time step  760
 Time step  780
 Time step  800
 Time step  820
 Time step  840
 Time step  860
 Time step  880
 Time step  900
 Time step  920
 Time step  940
 Time step  960
 Time step  980
 Time step 1000
 Time step 1020
 Time step 1040
 Time step 1060
 Time step 1080
 Time step 1100
 Time step 1120
 Time step 1140
 Time step 1160
 Time step 1180
 Time step 1200
 Time step 1220
 Time step 1240
 Time step 1260
 Time step 1280
 Time step 1300
 Time step 1320
 Time step 1340
 Time step 1360
 Time step 1380
 Time step 1400
 Time step 1420
 Time step 1440
 Time step 1460
 Time step 1480
 Time step 1500
 Time step 1520
 Time step 1540
 Time step 1560
 Time step 1580
 Time step 1600
 Time step 1620
 Time step 1640
 Time step 1660
 Time step 1680
 Time step 1700
 Time step 1720
 Time step 1740
 Time step 1760
 Time step 1780
 Time step 1800
 Time step 1820
 Time step 1840
 Time step 1860
 Time step 1880
 Time step 1900
 Time step 1920
 Time step 1940
 Time step 1960
 Time step 1980
 Time step 2000
 Time step 2020
 Time step 2040
 Time step 2060
 Time step 2080
 Time step 2100
 Time step 2120
 Time step 2140
 Time step 2160
 Time step 2180
 Time step 2200
 Time step 2220
 Time step 2240
 Time step 2260
 Time step 2280
 Time step 2300
 Time step 2320
 Time step 2340
 Time step 2360
 Time step 2380
 Time step 2400
 Time step 2420
 Time step 2440
 Time step 2460
 Time step 2480
 Time step 2500
 Time step 2520
 Time step 2540
 Time step 2560
 Time step 2580
 Time step 2600
 Time step 2620
 Time step 2640
 Time step 2660
 Time step 2680
 Time step 2700
 Time step 2720
 Time step 2740
 Time step 2760
 Time step 2780
 Time step 2800
 Time step 2820
 Time step 2840
 Time step 2860
 Time step 2880
 Time step 2900
 Time step 2920
 Time step 2940
 Time step 2960
 Time step 2980
 Time step 3000
 Verification being performed for class D
 accuracy setting for epsilon =  0.1000000000000E-07
 NITER does not match the reference value of   500
 Comparison of RMS-norms of residual
 FAILURE:  1 0.5603356329914E+03 0.7650595424723E+06 0.9992675921260E+00
 FAILURE:  2 0.5951260140360E+02 0.5111519817683E+05 0.9988357161172E+00
 FAILURE:  3 0.1484038813099E+03 0.1857213937602E+06 0.9992009327611E+00
 FAILURE:  4 0.7476803785304E+02 0.1624096784059E+06 0.9995396331143E+00
 FAILURE:  5 0.1025113355255E+04 0.1642416844328E+07 0.9993758506808E+00
 Comparison of RMS-norms of solution error
 FAILURE:  1 0.1967443974719E+04 0.8169589578340E+05 0.9759174686090E+00
 FAILURE:  2 0.7805699776957E+03 0.5252150843148E+04 0.8513808911802E+00
 FAILURE:  3 0.9173781420389E+03 0.1984739188642E+05 0.9537784033646E+00
 FAILURE:  4 0.8221077067418E+03 0.1662852404547E+05 0.9505603922216E+00
 FAILURE:  5 0.1477393810151E+04 0.1761381855235E+06 0.9916123025467E+00
 Verification failed


 SP-MZ Benchmark Completed.
 Class           =                        D
 Size            =           1632x 1216x 34
 Iterations      =                     3000
 Time in seconds =                    67.60
 Total processes =                      448
 Total threads   =                      896
 Mop/s total     =               2306889.19
 Mop/s/thread    =                  2574.65
 Operation type  =           floating point
 Verification    =             UNSUCCESSFUL
 Version         =                    3.4.3
 Compile date    =              03 Mar 2025

 Compile options:
    FC           = mpif90
    FLINK        = $(FC)
    F_LIB        = (none)
    F_INC        = (none)
    FFLAGS       = -O3 -fopenmp
    FLINKFLAGS   = $(FFLAGS)
    RAND         = (none)


 Please send all errors/feedbacks to:

 NPB Development Team
 npb@nas.nasa.gov




 NAS Parallel Benchmarks (NPB3.4-MZ MPI+OpenMP) - SP-MZ Benchmark

 Reading from input file inputsp-mz.data
 Number of zones:  32 x  32
 Total mesh size:  1632 x  1216 x  34
 Iterations:      ***    dt:   0.000300
 Number of active processes:    112

 Use the default load factors
 Total number of threads:    896  (  8.0 threads/process)

 Calculated speedup =    819.20

 Time step    1
 Time step   20
 Time step   40
 Time step   60
 Time step   80
 Time step  100
 Time step  120
 Time step  140
 Time step  160
 Time step  180
 Time step  200
 Time step  220
 Time step  240
 Time step  260
 Time step  280
 Time step  300
 Time step  320
 Time step  340
 Time step  360
 Time step  380
 Time step  400
 Time step  420
 Time step  440
 Time step  460
 Time step  480
 Time step  500
 Time step  520
 Time step  540
 Time step  560
 Time step  580
 Time step  600
 Time step  620
 Time step  640
 Time step  660
 Time step  680
 Time step  700
 Time step  720
 Time step  740
 Time step  760
 Time step  780
 Time step  800
 Time step  820
 Time step  840
 Time step  860
 Time step  880
 Time step  900
 Time step  920
 Time step  940
 Time step  960
 Time step  980
 Time step 1000
 Time step 1020
 Time step 1040
 Time step 1060
 Time step 1080
 Time step 1100
 Time step 1120
 Time step 1140
 Time step 1160
 Time step 1180
 Time step 1200
 Time step 1220
 Time step 1240
 Time step 1260
 Time step 1280
 Time step 1300
 Time step 1320
 Time step 1340
 Time step 1360
 Time step 1380
 Time step 1400
 Time step 1420
 Time step 1440
 Time step 1460
 Time step 1480
 Time step 1500
 Time step 1520
 Time step 1540
 Time step 1560
 Time step 1580
 Time step 1600
 Time step 1620
 Time step 1640
 Time step 1660
 Time step 1680
 Time step 1700
 Time step 1720
 Time step 1740
 Time step 1760
 Time step 1780
 Time step 1800
 Time step 1820
 Time step 1840
 Time step 1860
 Time step 1880
 Time step 1900
 Time step 1920
 Time step 1940
 Time step 1960
 Time step 1980
 Time step 2000
 Time step 2020
 Time step 2040
 Time step 2060
 Time step 2080
 Time step 2100
 Time step 2120
 Time step 2140
 Time step 2160
 Time step 2180
 Time step 2200
 Time step 2220
 Time step 2240
 Time step 2260
 Time step 2280
 Time step 2300
 Time step 2320
 Time step 2340
 Time step 2360
 Time step 2380
 Time step 2400
 Time step 2420
 Time step 2440
 Time step 2460
 Time step 2480
 Time step 2500
 Time step 2520
 Time step 2540
 Time step 2560
 Time step 2580
 Time step 2600
 Time step 2620
 Time step 2640
 Time step 2660
 Time step 2680
 Time step 2700
 Time step 2720
 Time step 2740
 Time step 2760
 Time step 2780
 Time step 2800
 Time step 2820
 Time step 2840
 Time step 2860
 Time step 2880
 Time step 2900
 Time step 2920
 Time step 2940
 Time step 2960
 Time step 2980
 Time step 3000
 Verification being performed for class D
 accuracy setting for epsilon =  0.1000000000000E-07
 NITER does not match the reference value of   500
 Comparison of RMS-norms of residual
 FAILURE:  1 0.5603356329914E+03 0.7650595424723E+06 0.9992675921260E+00
 FAILURE:  2 0.5951260140360E+02 0.5111519817683E+05 0.9988357161172E+00
 FAILURE:  3 0.1484038813099E+03 0.1857213937602E+06 0.9992009327611E+00
 FAILURE:  4 0.7476803785304E+02 0.1624096784059E+06 0.9995396331143E+00
 FAILURE:  5 0.1025113355255E+04 0.1642416844328E+07 0.9993758506808E+00
 Comparison of RMS-norms of solution error
 FAILURE:  1 0.1967443974719E+04 0.8169589578340E+05 0.9759174686090E+00
 FAILURE:  2 0.7805699776957E+03 0.5252150843148E+04 0.8513808911802E+00
 FAILURE:  3 0.9173781420389E+03 0.1984739188642E+05 0.9537784033646E+00
 FAILURE:  4 0.8221077067418E+03 0.1662852404547E+05 0.9505603922216E+00
 FAILURE:  5 0.1477393810151E+04 0.1761381855235E+06 0.9916123025467E+00
 Verification failed


 SP-MZ Benchmark Completed.
 Class           =                        D
 Size            =           1632x 1216x 34
 Iterations      =                     3000
 Time in seconds =                    59.17
 Total processes =                      112
 Total threads   =                      896
 Mop/s total     =               2635712.92
 Mop/s/thread    =                  2941.64
 Operation type  =           floating point
 Verification    =             UNSUCCESSFUL
 Version         =                    3.4.3
 Compile date    =              03 Mar 2025

 Compile options:
    FC           = mpif90
    FLINK        = $(FC)
    F_LIB        = (none)
    F_INC        = (none)
    FFLAGS       = -O3 -fopenmp
    FLINKFLAGS   = $(FFLAGS)
    RAND         = (none)


 Please send all errors/feedbacks to:

 NPB Development Team
 npb@nas.nasa.gov




 NAS Parallel Benchmarks (NPB3.4-MZ MPI+OpenMP) - SP-MZ Benchmark

 Reading from input file inputsp-mz.data
 Number of zones:  32 x  32
 Total mesh size:  1632 x  1216 x  34
 Iterations:      ***    dt:   0.000300
 Number of active processes:     64

 Use the default load factors
 Total number of threads:    896  ( 14.0 threads/process)

 Calculated speedup =    896.00

 Time step    1
 Time step   20
 Time step   40
 Time step   60
 Time step   80
 Time step  100
 Time step  120
 Time step  140
 Time step  160
 Time step  180
 Time step  200
 Time step  220
 Time step  240
 Time step  260
 Time step  280
 Time step  300
 Time step  320
 Time step  340
 Time step  360
 Time step  380
 Time step  400
 Time step  420
 Time step  440
 Time step  460
 Time step  480
 Time step  500
 Time step  520
 Time step  540
 Time step  560
 Time step  580
 Time step  600
 Time step  620
 Time step  640
 Time step  660
 Time step  680
 Time step  700
 Time step  720
 Time step  740
 Time step  760
 Time step  780
 Time step  800
 Time step  820
 Time step  840
 Time step  860
 Time step  880
 Time step  900
 Time step  920
 Time step  940
 Time step  960
 Time step  980
 Time step 1000
 Time step 1020
 Time step 1040
 Time step 1060
 Time step 1080
 Time step 1100
 Time step 1120
 Time step 1140
 Time step 1160
 Time step 1180
 Time step 1200
 Time step 1220
 Time step 1240
 Time step 1260
 Time step 1280
 Time step 1300
 Time step 1320
 Time step 1340
 Time step 1360
 Time step 1380
 Time step 1400
 Time step 1420
 Time step 1440
 Time step 1460
 Time step 1480
 Time step 1500
 Time step 1520
 Time step 1540
 Time step 1560
 Time step 1580
 Time step 1600
 Time step 1620
 Time step 1640
 Time step 1660
 Time step 1680
 Time step 1700
 Time step 1720
 Time step 1740
 Time step 1760
 Time step 1780
 Time step 1800
 Time step 1820
 Time step 1840
 Time step 1860
 Time step 1880
 Time step 1900
 Time step 1920
 Time step 1940
 Time step 1960
 Time step 1980
 Time step 2000
 Time step 2020
 Time step 2040
 Time step 2060
 Time step 2080
 Time step 2100
 Time step 2120
 Time step 2140
 Time step 2160
 Time step 2180
 Time step 2200
 Time step 2220
 Time step 2240
 Time step 2260
 Time step 2280
 Time step 2300
 Time step 2320
 Time step 2340
 Time step 2360
 Time step 2380
 Time step 2400
 Time step 2420
 Time step 2440
 Time step 2460
 Time step 2480
 Time step 2500
 Time step 2520
 Time step 2540
 Time step 2560
 Time step 2580
 Time step 2600
 Time step 2620
 Time step 2640
 Time step 2660
 Time step 2680
 Time step 2700
 Time step 2720
 Time step 2740
 Time step 2760
 Time step 2780
 Time step 2800
 Time step 2820
 Time step 2840
 Time step 2860
 Time step 2880
 Time step 2900
 Time step 2920
 Time step 2940
 Time step 2960
 Time step 2980
 Time step 3000
 Verification being performed for class D
 accuracy setting for epsilon =  0.1000000000000E-07
 NITER does not match the reference value of   500
 Comparison of RMS-norms of residual
 FAILURE:  1 0.5603356329914E+03 0.7650595424723E+06 0.9992675921260E+00
 FAILURE:  2 0.5951260140360E+02 0.5111519817683E+05 0.9988357161172E+00
 FAILURE:  3 0.1484038813099E+03 0.1857213937602E+06 0.9992009327611E+00
 FAILURE:  4 0.7476803785304E+02 0.1624096784059E+06 0.9995396331143E+00
 FAILURE:  5 0.1025113355255E+04 0.1642416844328E+07 0.9993758506808E+00
 Comparison of RMS-norms of solution error
 FAILURE:  1 0.1967443974719E+04 0.8169589578340E+05 0.9759174686090E+00
 FAILURE:  2 0.7805699776957E+03 0.5252150843148E+04 0.8513808911802E+00
 FAILURE:  3 0.9173781420389E+03 0.1984739188642E+05 0.9537784033646E+00
 FAILURE:  4 0.8221077067418E+03 0.1662852404547E+05 0.9505603922216E+00
 FAILURE:  5 0.1477393810151E+04 0.1761381855235E+06 0.9916123025467E+00
 Verification failed


 SP-MZ Benchmark Completed.
 Class           =                        D
 Size            =           1632x 1216x 34
 Iterations      =                     3000
 Time in seconds =                    61.94
 Total processes =                       64
 Total threads   =                      896
 Mop/s total     =               2517550.82
 Mop/s/thread    =                  2809.77
 Operation type  =           floating point
 Verification    =             UNSUCCESSFUL
 Version         =                    3.4.3
 Compile date    =              03 Mar 2025

 Compile options:
    FC           = mpif90
    FLINK        = $(FC)
    F_LIB        = (none)
    F_INC        = (none)
    FFLAGS       = -O3 -fopenmp
    FLINKFLAGS   = $(FFLAGS)
    RAND         = (none)


 Please send all errors/feedbacks to:

 NPB Development Team
 npb@nas.nasa.gov




 NAS Parallel Benchmarks (NPB3.4-MZ MPI+OpenMP) - SP-MZ Benchmark

 Reading from input file inputsp-mz.data
 Number of zones:  32 x  32
 Total mesh size:  1632 x  1216 x  34
 Iterations:      ***    dt:   0.000300
 Number of active processes:     16

 Use the default load factors
 Total number of threads:    896  ( 56.0 threads/process)

 Calculated speedup =    896.00

 Time step    1
 Time step   20
 Time step   40
 Time step   60
 Time step   80
 Time step  100
 Time step  120
 Time step  140
 Time step  160
 Time step  180
 Time step  200
 Time step  220
 Time step  240
 Time step  260
 Time step  280
 Time step  300
 Time step  320
 Time step  340
 Time step  360
 Time step  380
 Time step  400
 Time step  420
 Time step  440
 Time step  460
 Time step  480
 Time step  500
 Time step  520
 Time step  540
 Time step  560
 Time step  580
 Time step  600
 Time step  620
 Time step  640
 Time step  660
 Time step  680
 Time step  700
 Time step  720
 Time step  740
 Time step  760
 Time step  780
 Time step  800
 Time step  820
 Time step  840
 Time step  860
 Time step  880
 Time step  900
 Time step  920
 Time step  940
 Time step  960
 Time step  980
 Time step 1000
 Time step 1020
 Time step 1040
 Time step 1060
 Time step 1080
 Time step 1100
 Time step 1120
 Time step 1140
 Time step 1160
 Time step 1180
 Time step 1200
 Time step 1220
 Time step 1240
 Time step 1260
 Time step 1280
 Time step 1300
 Time step 1320
 Time step 1340
 Time step 1360
 Time step 1380
 Time step 1400
 Time step 1420
 Time step 1440
 Time step 1460
 Time step 1480
 Time step 1500
 Time step 1520
 Time step 1540
 Time step 1560
 Time step 1580
 Time step 1600
 Time step 1620
 Time step 1640
 Time step 1660
 Time step 1680
 Time step 1700
 Time step 1720
 Time step 1740
 Time step 1760
 Time step 1780
 Time step 1800
 Time step 1820
 Time step 1840
 Time step 1860
 Time step 1880
 Time step 1900
 Time step 1920
 Time step 1940
 Time step 1960
 Time step 1980
 Time step 2000
 Time step 2020
 Time step 2040
 Time step 2060
 Time step 2080
 Time step 2100
 Time step 2120
 Time step 2140
 Time step 2160
 Time step 2180
 Time step 2200
 Time step 2220
 Time step 2240
 Time step 2260
 Time step 2280
 Time step 2300
 Time step 2320
 Time step 2340
 Time step 2360
 Time step 2380
 Time step 2400
 Time step 2420
 Time step 2440
 Time step 2460
 Time step 2480
 Time step 2500
 Time step 2520
 Time step 2540
 Time step 2560
 Time step 2580
 Time step 2600
 Time step 2620
 Time step 2640
 Time step 2660
 Time step 2680
 Time step 2700
 Time step 2720
 Time step 2740
 Time step 2760
 Time step 2780
 Time step 2800
 Time step 2820
 Time step 2840
 Time step 2860
 Time step 2880
 Time step 2900
 Time step 2920
 Time step 2940
 Time step 2960
 Time step 2980
 Time step 3000
 Verification being performed for class D
 accuracy setting for epsilon =  0.1000000000000E-07
 NITER does not match the reference value of   500
 Comparison of RMS-norms of residual
 FAILURE:  1 0.5603356329914E+03 0.7650595424723E+06 0.9992675921260E+00
 FAILURE:  2 0.5951260140360E+02 0.5111519817683E+05 0.9988357161172E+00
 FAILURE:  3 0.1484038813099E+03 0.1857213937602E+06 0.9992009327611E+00
 FAILURE:  4 0.7476803785304E+02 0.1624096784059E+06 0.9995396331143E+00
 FAILURE:  5 0.1025113355255E+04 0.1642416844328E+07 0.9993758506808E+00
 Comparison of RMS-norms of solution error
 FAILURE:  1 0.1967443974719E+04 0.8169589578340E+05 0.9759174686090E+00
 FAILURE:  2 0.7805699776957E+03 0.5252150843148E+04 0.8513808911802E+00
 FAILURE:  3 0.9173781420389E+03 0.1984739188642E+05 0.9537784033646E+00
 FAILURE:  4 0.8221077067418E+03 0.1662852404547E+05 0.9505603922216E+00
 FAILURE:  5 0.1477393810151E+04 0.1761381855235E+06 0.9916123025467E+00
 Verification failed


 SP-MZ Benchmark Completed.
 Class           =                        D
 Size            =           1632x 1216x 34
 Iterations      =                     3000
 Time in seconds =                    96.50
 Total processes =                       16
 Total threads   =                      896
 Mop/s total     =               1616090.28
 Mop/s/thread    =                  1803.67
 Operation type  =           floating point
 Verification    =             UNSUCCESSFUL
 Version         =                    3.4.3
 Compile date    =              03 Mar 2025

 Compile options:
    FC           = mpif90
    FLINK        = $(FC)
    F_LIB        = (none)
    F_INC        = (none)
    FFLAGS       = -O3 -fopenmp
    FLINKFLAGS   = $(FFLAGS)
    RAND         = (none)


 Please send all errors/feedbacks to:

 NPB Development Team
 npb@nas.nasa.gov




 NAS Parallel Benchmarks (NPB3.4-MZ MPI+OpenMP) - SP-MZ Benchmark

 Reading from input file inputsp-mz.data
 Number of zones:  32 x  32
 Total mesh size:  1632 x  1216 x  34
 Iterations:      ***    dt:   0.000300
 Number of active processes:      8

 Use the default load factors
 Total number of threads:    896  (112.0 threads/process)

 Calculated speedup =    896.00

 Time step    1
 Time step   20
 Time step   40
 Time step   60
 Time step   80
 Time step  100
 Time step  120
 Time step  140
 Time step  160
 Time step  180
 Time step  200
 Time step  220
 Time step  240
 Time step  260
 Time step  280
 Time step  300
 Time step  320
 Time step  340
 Time step  360
 Time step  380
 Time step  400
 Time step  420
 Time step  440
 Time step  460
 Time step  480
 Time step  500
 Time step  520
 Time step  540
 Time step  560
 Time step  580
 Time step  600
 Time step  620
 Time step  640
 Time step  660
 Time step  680
 Time step  700
 Time step  720
 Time step  740
 Time step  760
 Time step  780
 Time step  800
 Time step  820
 Time step  840
 Time step  860
 Time step  880
 Time step  900
 Time step  920
 Time step  940
 Time step  960
 Time step  980
 Time step 1000
 Time step 1020
 Time step 1040
 Time step 1060
 Time step 1080
 Time step 1100
 Time step 1120
 Time step 1140
 Time step 1160
 Time step 1180
 Time step 1200
 Time step 1220
 Time step 1240
 Time step 1260
 Time step 1280
 Time step 1300
 Time step 1320
 Time step 1340
 Time step 1360
 Time step 1380
 Time step 1400
 Time step 1420
 Time step 1440
 Time step 1460
 Time step 1480
 Time step 1500
 Time step 1520
 Time step 1540
 Time step 1560
 Time step 1580
 Time step 1600
 Time step 1620
 Time step 1640
 Time step 1660
 Time step 1680
 Time step 1700
 Time step 1720
 Time step 1740
 Time step 1760
 Time step 1780
 Time step 1800
 Time step 1820
 Time step 1840
 Time step 1860
 Time step 1880
 Time step 1900
 Time step 1920
 Time step 1940
 Time step 1960
 Time step 1980
 Time step 2000
 Time step 2020
 Time step 2040
 Time step 2060
 Time step 2080
 Time step 2100
 Time step 2120
 Time step 2140
 Time step 2160
 Time step 2180
 Time step 2200
 Time step 2220
 Time step 2240
 Time step 2260
 Time step 2280
 Time step 2300
 Time step 2320
 Time step 2340
 Time step 2360
 Time step 2380
 Time step 2400
 Time step 2420
 Time step 2440
 Time step 2460
 Time step 2480
 Time step 2500
 Time step 2520
 Time step 2540
 Time step 2560
 Time step 2580
 Time step 2600
 Time step 2620
 Time step 2640
 Time step 2660
 Time step 2680
 Time step 2700
 Time step 2720
 Time step 2740
 Time step 2760
 Time step 2780
 Time step 2800
 Time step 2820
 Time step 2840
 Time step 2860
 Time step 2880
 Time step 2900
 Time step 2920
 Time step 2940
 Time step 2960
 Time step 2980
 Time step 3000
 Verification being performed for class D
 accuracy setting for epsilon =  0.1000000000000E-07
 NITER does not match the reference value of   500
 Comparison of RMS-norms of residual
 FAILURE:  1 0.5603356329914E+03 0.7650595424723E+06 0.9992675921260E+00
 FAILURE:  2 0.5951260140360E+02 0.5111519817683E+05 0.9988357161172E+00
 FAILURE:  3 0.1484038813099E+03 0.1857213937602E+06 0.9992009327611E+00
 FAILURE:  4 0.7476803785304E+02 0.1624096784059E+06 0.9995396331143E+00
 FAILURE:  5 0.1025113355255E+04 0.1642416844328E+07 0.9993758506808E+00
 Comparison of RMS-norms of solution error
 FAILURE:  1 0.1967443974719E+04 0.8169589578340E+05 0.9759174686090E+00
 FAILURE:  2 0.7805699776957E+03 0.5252150843148E+04 0.8513808911802E+00
 FAILURE:  3 0.9173781420389E+03 0.1984739188642E+05 0.9537784033646E+00
 FAILURE:  4 0.8221077067418E+03 0.1662852404547E+05 0.9505603922216E+00
 FAILURE:  5 0.1477393810151E+04 0.1761381855235E+06 0.9916123025467E+00
 Verification failed


 SP-MZ Benchmark Completed.
 Class           =                        D
 Size            =           1632x 1216x 34
 Iterations      =                     3000
 Time in seconds =                   236.08
 Total processes =                        8
 Total threads   =                      896
 Mop/s total     =                660570.08
 Mop/s/thread    =                   737.24
 Operation type  =           floating point
 Verification    =             UNSUCCESSFUL
 Version         =                    3.4.3
 Compile date    =              03 Mar 2025

 Compile options:
    FC           = mpif90
    FLINK        = $(FC)
    F_LIB        = (none)
    F_INC        = (none)
    FFLAGS       = -O3 -fopenmp
    FLINKFLAGS   = $(FFLAGS)
    RAND         = (none)


 Please send all errors/feedbacks to:

 NPB Development Team
 npb@nas.nasa.gov


