[('Hugues Le Bars', 'Olivier Jean-Marie', 1844, 7.236442516268981, 6.1, 8.8), ('Don Messick', 'Joseph Barbera', 1760, 6.677272727272736, 3.7, 8.9), ('Don Messick', 'William Hanna', 1752, 6.674657534246585, 3.7, 8.9), ('Rob Dyrdek', 'Michael Simon', 1704, 7.439906103286396, 5.5, 8.5), ('Daws Butler', 'Joseph Barbera', 1444, 6.498891966759007, 4.2, 8.7), ('Dan Castellaneta', 'Mike B. Anderson', 1440, 6.65, 4.0, 9.2), ('Daws Butler', 'William Hanna', 1360, 6.440000000000005, 4.2, 8.7), ('Ayaz Ahmed', 'Anmol Mahajan', 1348, 9.701483679525193, 8.5, 10.0), ('Ayaz Ahmed', 'Ashima Chibber', 1348, 9.701483679525193, 8.5, 10.0), ('Mel Blanc', 'Chuck Jones', 1328, 6.92801204819278, 4.5, 8.6), ('Mel Blanc', 'Friz Freleng', 1268, 6.86246056782335, 4.9, 8.3), ('Dishank Arora', 'Anmol Mahajan', 1268, 9.700315457413224, 8.5, 10.0), ('Dishank Arora', 'Ashima Chibber', 1268, 9.700315457413224, 8.5, 10.0), ('Mehmet Akan', 'Yalçin Yelence', 1208, 7.003973509933794, 5.7, 7.9), ('Mel Blanc', 'Joseph Barbera', 1184, 6.602027027027025, 1.0, 8.9), ('Mel Blanc', 'William Hanna', 1172, 6.591808873720136, 1.0, 8.9), ('Scott Grimes', 'Ron Hughart', 1172, 7.260068259385671, 3.9, 8.8), ('Seth MacFarlane', 'Ron Hughart', 1164, 7.262542955326466, 3.9, 8.8), ('Jack Mercer', 'Seymour Kneitel', 1148, 6.218815331010452, 3.9, 7.7), ('Jonathan Frid', 'Lela Swift', 1088, 7.480514705882368, 6.6, 8.3)]
	Command being timed: "python3 python_actorDirector.py infoActorsX4.csv"
	User time (seconds): 49.87
	System time (seconds): 0.70
	Percent of CPU this job got: 99%
	Elapsed (wall clock) time (h:mm:ss or m:ss): 0:50.58
	Average shared text size (kbytes): 0
	Average unshared data size (kbytes): 0
	Average stack size (kbytes): 0
	Average total size (kbytes): 0
	Maximum resident set size (kbytes): 903484
	Average resident set size (kbytes): 0
	Major (requiring I/O) page faults: 0
	Minor (reclaiming a frame) page faults: 234592
	Voluntary context switches: 1
	Involuntary context switches: 270
	Swaps: 0
	File system inputs: 302048
	File system outputs: 8
	Socket messages sent: 0
	Socket messages received: 0
	Signals delivered: 0
	Page size (bytes): 4096
	Exit status: 0
