[('Hugues Le Bars', 'Olivier Jean-Marie', 7376, 7.23644251626897, 6.1, 8.8), ('Don Messick', 'Joseph Barbera', 7040, 6.677272727272687, 3.7, 8.9), ('Don Messick', 'William Hanna', 7008, 6.674657534246538, 3.7, 8.9), ('Rob Dyrdek', 'Michael Simon', 6816, 7.439906103286353, 5.5, 8.5), ('Daws Butler', 'Joseph Barbera', 5776, 6.49889196675899, 4.2, 8.7), ('Dan Castellaneta', 'Mike B. Anderson', 5760, 6.649999999999983, 4.0, 9.2), ('Daws Butler', 'William Hanna', 5440, 6.439999999999997, 4.2, 8.7), ('Ayaz Ahmed', 'Anmol Mahajan', 5392, 9.701483679525332, 8.5, 10.0), ('Ayaz Ahmed', 'Ashima Chibber', 5392, 9.701483679525332, 8.5, 10.0), ('Mel Blanc', 'Chuck Jones', 5312, 6.928012048192727, 4.5, 8.6), ('Mel Blanc', 'Friz Freleng', 5072, 6.862460567823343, 4.9, 8.3), ('Dishank Arora', 'Anmol Mahajan', 5072, 9.700315457413344, 8.5, 10.0), ('Dishank Arora', 'Ashima Chibber', 5072, 9.700315457413344, 8.5, 10.0), ('Mehmet Akan', 'Yalçin Yelence', 4832, 7.003973509933688, 5.7, 7.9), ('Mel Blanc', 'Joseph Barbera', 4736, 6.602027027027035, 1.0, 8.9), ('Mel Blanc', 'William Hanna', 4688, 6.591808873720148, 1.0, 8.9), ('Scott Grimes', 'Ron Hughart', 4688, 7.260068259385634, 3.9, 8.8), ('Seth MacFarlane', 'Ron Hughart', 4656, 7.262542955326431, 3.9, 8.8), ('Jack Mercer', 'Seymour Kneitel', 4592, 6.2188153310104495, 3.9, 7.7), ('Jonathan Frid', 'Lela Swift', 4352, 7.480514705882295, 6.6, 8.3)]
	Command being timed: "python3 python_actorDirector.py infoActorsX16.csv"
	User time (seconds): 203.23
	System time (seconds): 1.06
	Percent of CPU this job got: 99%
	Elapsed (wall clock) time (h:mm:ss or m:ss): 3:24.32
	Average shared text size (kbytes): 0
	Average unshared data size (kbytes): 0
	Average stack size (kbytes): 0
	Average total size (kbytes): 0
	Maximum resident set size (kbytes): 938408
	Average resident set size (kbytes): 0
	Major (requiring I/O) page faults: 0
	Minor (reclaiming a frame) page faults: 243385
	Voluntary context switches: 1
	Involuntary context switches: 1017
	Swaps: 0
	File system inputs: 0
	File system outputs: 8
	Socket messages sent: 0
	Socket messages received: 0
	Signals delivered: 0
	Page size (bytes): 4096
	Exit status: 0
